=======================================================
  SURAKSHAPAY - FULL PIPELINE TEST (Bangalore)
=======================================================

HTTP Status: 200

1. FEATURE VECTOR: [0.0, 27.1, 158, 75, 0, 100.0, 8]
   [rain, temp, aqi, demand_drop, curfew, hourly_income, daily_hours]

2. DATA SOURCES:
   weather    -> openweathermap [OK]
   aqi        -> waqi [OK]
   news       -> gnews [OK]

3. RISK ASSESSMENT:
   Probability : 0.35
   Level       : MEDIUM
   Factors:
     - Poor air quality (AQI 158)
     - Major demand drop (75%)

4. PREMIUM CALCULATION:
   Weekly Premium     : Rs 1239.8
   Payout if Triggered: Rs 3360.0
   Expected Loss      : Rs 1680.0
   Risk Surcharge     : Rs 0.0

=======================================================
  ALL APIS WORKING!
=======================================================
